// Jest Snapshot v1, https://goo.gl/fbAQLP

exports[`Testing the NewAppointmentPage component expect to render NewAppointmentPage component 1`] = `ShallowWrapper {}`;
