// Jest Snapshot v1, https://goo.gl/fbAQLP

exports[`expect to render UserInfo component 1`] = `ShallowWrapper {}`;
