// Jest Snapshot v1, https://goo.gl/fbAQLP

exports[`Testing the FormSection component expect to render FormSection component 1`] = `ShallowWrapper {}`;
