// Jest Snapshot v1, https://goo.gl/fbAQLP

exports[`Testing the SelectableButton component expect to render SelectableButton component 1`] = `ShallowWrapper {}`;
